
> anti-stock@0.1.0 build
> next build

??Next.js 16.1.1 (Turbopack)

  Creating an optimized production build ...
??Compiled successfully in 1868.2ms
  Running TypeScript ...
  Collecting page data using 15 workers ...
node.exe : ?좑툘 Supabase Admin Env Vars missing.
위치 줄:1 문자:1
+ & "C:\Program Files\nodejs/node.exe" "C:\Program Fil
es\nodejs/node_mo ...
+ ~~~~~~~~~~~~~~~~~~~~~~~~~~~~~~~~~~~~~~~~~~~~~~~~~~~~
~~~~~~~~~~~~~~~~~
    + CategoryInfo          : NotSpecified: (?좑툘 Supa 
   base Admin Env Vars missing.:String) [], RemoteEx  
  ception
    + FullyQualifiedErrorId : NativeCommandError
 
?좑툘 Supabase Env Vars missing in this environment.
NEXT_PUBLIC_SUPABASE_URL: UNDEFINED
NEXT_PUBLIC_SUPABASE_ANON_KEY: UNDEFINED
?좑툘 Supabase Env Vars missing in this environment.
NEXT_PUBLIC_SUPABASE_URL: UNDEFINED
NEXT_PUBLIC_SUPABASE_ANON_KEY: UNDEFINED
?좑툘 Supabase Env Vars missing in this environment.
NEXT_PUBLIC_SUPABASE_URL: UNDEFINED
NEXT_PUBLIC_SUPABASE_ANON_KEY: UNDEFINED
?좑툘 Supabase Env Vars missing in this environment.
NEXT_PUBLIC_SUPABASE_URL: UNDEFINED
NEXT_PUBLIC_SUPABASE_ANON_KEY: UNDEFINED
?좑툘 Supabase Env Vars missing in this environment.
NEXT_PUBLIC_SUPABASE_URL: UNDEFINED
NEXT_PUBLIC_SUPABASE_ANON_KEY: UNDEFINED
?좑툘 Supabase Env Vars missing in this environment.
NEXT_PUBLIC_SUPABASE_URL: UNDEFINED
NEXT_PUBLIC_SUPABASE_ANON_KEY: UNDEFINED
?좑툘 Supabase Env Vars missing in this environment.
NEXT_PUBLIC_SUPABASE_URL: UNDEFINED
NEXT_PUBLIC_SUPABASE_ANON_KEY: UNDEFINED
?좑툘 Supabase Env Vars missing in this environment.
NEXT_PUBLIC_SUPABASE_URL: UNDEFINED
NEXT_PUBLIC_SUPABASE_ANON_KEY: UNDEFINED
?좑툘 Supabase Env Vars missing in this environment.
NEXT_PUBLIC_SUPABASE_URL: UNDEFINED
NEXT_PUBLIC_SUPABASE_ANON_KEY: UNDEFINED
Supabase Fetch Error: {
  message: 'TypeError: fetch failed',
  details: 'TypeError: fetch failed\n' +
    '\n' +
    'Caused by: Error: getaddrinfo ENOTFOUND placehold
er.supabase.co (ENOTFOUND)\n' +
    'Error: getaddrinfo ENOTFOUND placeholder.supabase
.co\n' +
    '    at GetAddrInfoReqWrap.onlookupall [as oncompl
ete] (node:dns:122:26)',
  hint: '',
  code: ''
}
Supabase Fetch Error: {
  message: 'TypeError: fetch failed',
  details: 'TypeError: fetch failed\n' +
    '\n' +
    'Caused by: Error: getaddrinfo ENOTFOUND placehold
er.supabase.co (ENOTFOUND)\n' +
    'Error: getaddrinfo ENOTFOUND placeholder.supabase
.co\n' +
    '    at GetAddrInfoReqWrap.onlookupall [as oncompl
ete] (node:dns:122:26)',
  hint: '',
  code: ''
}
NEXT_PUBLIC_SUPABASE_URL: UNDEFINED
NEXT_PUBLIC_SUPABASE_ANON_KEY: UNDEFINED
?좑툘 Supabase Env Vars missing in this environment.
?좑툘 Supabase Env Vars missing in this environment.
NEXT_PUBLIC_SUPABASE_URL: UNDEFINED
NEXT_PUBLIC_SUPABASE_ANON_KEY: UNDEFINED
  Generating static pages using 15 workers (0/58) ...
?좑툘 Supabase Env Vars missing in this environment.
NEXT_PUBLIC_SUPABASE_URL: UNDEFINED
NEXT_PUBLIC_SUPABASE_ANON_KEY: UNDEFINED
?좑툘 Supabase Admin Env Vars missing.
Supabase Fetch Error: {
  message: 'TypeError: fetch failed',
  details: 'TypeError: fetch failed\n' +
    '\n' +
    'Caused by: Error: getaddrinfo ENOTFOUND placehold
er.supabase.co (ENOTFOUND)\n' +
    'Error: getaddrinfo ENOTFOUND placeholder.supabase
.co\n' +
    '    at GetAddrInfoReqWrap.onlookupall [as oncompl
ete] (node:dns:122:26)',
  hint: '',
  code: ''
}
??Sitemap: Added 26 SEO priority pages.
??Sitemap Stats: High Value (1.0) = 16, Total = 26
Supabase Fetch Error: {
  message: 'TypeError: fetch failed',
  details: 'TypeError: fetch failed\n' +
    '\n' +
    'Caused by: Error: getaddrinfo ENOTFOUND placehold
er.supabase.co (ENOTFOUND)\n' +
    'Error: getaddrinfo ENOTFOUND placeholder.supabase
.co\n' +
    '    at GetAddrInfoReqWrap.onlookupall [as oncompl
ete] (node:dns:122:26)',
  hint: '',
  code: ''
}
Supabase Fetch Error: {
  message: 'TypeError: fetch failed',
  details: 'TypeError: fetch failed\n' +
    '\n' +
    'Caused by: Error: getaddrinfo ENOTFOUND placehold
er.supabase.co (ENOTFOUND)\n' +
    'Error: getaddrinfo ENOTFOUND placeholder.supabase
.co\n' +
    '    at GetAddrInfoReqWrap.onlookupall [as oncompl
ete] (node:dns:122:26)',
  hint: '',
  code: ''
}
Supabase Fetch Error: {
  message: 'TypeError: fetch failed',
  details: 'TypeError: fetch failed\n' +
    '\n' +
    'Caused by: Error: getaddrinfo ENOTFOUND placehold
er.supabase.co (ENOTFOUND)\n' +
    'Error: getaddrinfo ENOTFOUND placeholder.supabase
.co\n' +
    '    at GetAddrInfoReqWrap.onlookupall [as oncompl
ete] (node:dns:122:26)',
  hint: '',
  code: ''
}
Supabase Fetch Error: {
  message: 'TypeError: fetch failed',
  details: 'TypeError: fetch failed\n' +
    '\n' +
    'Caused by: Error: getaddrinfo ENOTFOUND placehold
er.supabase.co (ENOTFOUND)\n' +
    'Error: getaddrinfo ENOTFOUND placeholder.supabase
.co\n' +
    '    at GetAddrInfoReqWrap.onlookupall [as oncompl
ete] (node:dns:122:26)',
  hint: '',
  code: ''
}
  Generating static pages using 15 workers (14/58) 
  Generating static pages using 15 workers (28/58) 
Supabase Fetch Error: {
  message: 'TypeError: fetch failed',
  details: 'TypeError: fetch failed\n' +
    '\n' +
    'Caused by: Error: getaddrinfo ENOTFOUND placehold
er.supabase.co (ENOTFOUND)\n' +
    'Error: getaddrinfo ENOTFOUND placeholder.supabase
.co\n' +
    '    at GetAddrInfoReqWrap.onlookupall [as oncompl
ete] (node:dns:122:26)',
  hint: '',
  code: ''
}
Supabase Fetch Error: {
  message: 'TypeError: fetch failed',
  details: 'TypeError: fetch failed\n' +
    '\n' +
    'Caused by: Error: getaddrinfo ENOTFOUND placehold
er.supabase.co (ENOTFOUND)\n' +
    'Error: getaddrinfo ENOTFOUND placeholder.supabase
.co\n' +
    '    at GetAddrInfoReqWrap.onlookupall [as oncompl
ete] (node:dns:122:26)',
  hint: '',
  code: ''
}
Supabase Fetch Error: {
  message: 'TypeError: fetch failed',
  details: 'TypeError: fetch failed\n' +
    '\n' +
    'Caused by: Error: getaddrinfo ENOTFOUND placehold
er.supabase.co (ENOTFOUND)\n' +
    'Error: getaddrinfo ENOTFOUND placeholder.supabase
.co\n' +
    '    at GetAddrInfoReqWrap.onlookupall [as oncompl
ete] (node:dns:122:26)',
  hint: '',
  code: ''
}
Supabase Fetch Error: {
  message: 'TypeError: fetch failed',
  details: 'TypeError: fetch failed\n' +
    '\n' +
    'Caused by: Error: getaddrinfo ENOTFOUND placehold
er.supabase.co (ENOTFOUND)\n' +
    'Error: getaddrinfo ENOTFOUND placeholder.supabase
.co\n' +
    '    at GetAddrInfoReqWrap.onlookupall [as oncompl
ete] (node:dns:122:26)',
  hint: '',
  code: ''
}
Error occurred prerendering page "/money/forecast". Re
ad more: https://nextjs.org/docs/messages/prerender-er
ror
TypeError: Cannot convert undefined or null to object
    at Object.entries (<anonymous>)
    at l (C:\Users\matho\OneDrive\諛뷀깢 ?붾㈃\?덊떚-二쇱떇\.nex
t\server\chunks\ssr\[root-of-the-server]__00f2753a._.j
s:1:10512) {
  digest: '28929744'
}
Export encountered an error on /money/forecast/page: /
money/forecast, exiting the build.
殊?Next.js build worker exited with code: 1 and signal:
 null
